[ 1 2 3 ] [ 10 20 30 ] [ 5 5 5 ] [ "a" 42 "b" ] [ ] [ 1 2 3 ] 99 
5 8 [ 0 0 0 0 0 ] [ 99 99 99 ] [ "x" "x" "x" "x" ] [ 1 2 3 ] [ ] [ 1 2 3 4 5 ] [ 1 2 3 ] [ ] [ ] [ 1 2 3 ] [ 10 20 ] 1 2 3 4 [ 3 2 1 ] error: take: expected a float length; got a string
error: take: expected a float length; got an array
error: take: expected array or set; got a float
[ 5 4 3 2 1 ] [ 1 ] [ ] [ 1 2 3 4 5 ] [ 5 4 3 2 1 ] [ 5 4 3 ] 3 [ 30 20 10 ] 1 2 error: reverse: expected array or set; got a float
error: reverse: expected array or set; got a string
error: reverse: stack too shallow
[ 3 4 5 ] [ 1 2 3 4 5 ] [ ] [ ] [ 1 2 3 4 5 ] [ ] [ 3 4 5 ] 4 [ 5 4 3 2 ] [ 4 5 ] [ ] [ 1 2 3 4 5 ] [ 1 2 3 ] [ ] [ 3 4 5 ] error: - : expected two floats, two sets, two matrices, or scalar/matrix; got a float and a string
in skip
error: reverse: expected array or set; got a string
in skip
error: take: expected a float length; got a string
in last
error: reverse: expected array or set; got a string
in last
[ 1 2 3 4 5 6 ] [ 1 2 3 ] [ 1 2 3 ] [ ] [ 1 2 3 1 2 3 ] [ 1 3 5 7 8 ] [ 0 1 3 5 ] [ 1 2 3 4 ] [ 1 2 3 4 ] 9 4 [ 4 3 2 1 ] [ 1 2 ] [ 3 4 ] [ 1 2 3 4 5 6 ] [ 1 2 3 4 5 6 ] error: concat: expected array or set; got a float
error: concat: expected array or set; got a float
error: concat: stack too shallow
error: concat: stack too shallow
[ 1 2 3 ] [ 1 2 3 4 5 6 ] [ 1 2 3 4 ] [ 1 2 3 4 ] [ ] error: flatten-array: expected an array; got a float
[ 1 1 2 3 3 ] 
[ 1 2 3 4 5 ] 
[ -5 -5 -2 0 1.5 3.5 ] 
[ 42 ] 
[ ] 
[ 1 2 3 ] 
1 
[ 9 7 8 ] 
[ "a" "ab" "apple" "apple" "pear" ] 
[ 1 2 3 "a" "z" ] 
[ [ 1 ]
  [ 1 ]
  [ 1 0 ]
  [ 2 ] ] 
[ :gamma :alpha :beta ] 
error: sort: expected an array; got a float
error: sort: expected an array; got a set
< 1 2 3 > 
< 1 2 3 > 
< 1 2 3 > 
< > 
< 5 > 
< 7 > 
3 
< -5 -2 0 3 > 
< "a" "b" "c" > 
< :a 5 "x" > 
3 
1 
2 
1 
[ 3 1 2 ] 
1 
0 
< 2 3 > 
1 
10000 
0 
101 
[ 1 2 3 4 ] 
[ 1 2 3 4 5 ] 
4 
4 
[ 1 ] 
[ 1 2 3 ] 
[ 1 2 3 ] 
7 3 
2 
[ 1 2 ] 
2 
9 
0 
error: remove-last!: empty array
error: add-last!: expected an array; got a float
error: remove-last!: empty array
