<matrix 2x3>
          0          0          0
          0          0          0
<matrix 2x2>
          1          2
          3          4
2 2 
<matrix 2x2>
         11         22
         33         44
<matrix 1x2>
          3          8
<matrix 2x2>
          9         18
         27         36
<matrix 1x2>
          4          4
<matrix 1x13>
          1          2          3          4          5        ...         11         12         13
<matrix 1x14>
          1          2          3          4          5        ...         12         13         14
<matrix 1x20>
          1          2          3          4          5        ...         18         19         20
