0 
9 
27 
42 
:red 
[( 1 2 3 null )] 
V=42 
[( X=9 X=9 null )] 
3 
2.5 
[ 2 3 4 ] 
: bump-all   \ 18 cells
 0: (branch) 12
 2: [:
 3: (enter-locals-to) 1
 5: (local@0) 0
 7: (lit) 1
 9: +
 10: (leave-locals) 1
 12: exit
 13: (lit) '?
 15: map
 17: exit
;
error: expected two floats, two strings, two sets, two matrices, scalar/matrix, or two arrays; got none and a float
in + ← [> x | x 1 + :] ← bump-all
1 
2 
2 
< 1 2 3 > "hello" <matrix 2x2:  1 2 3 4> { :a 1 :b { :c 2 } :d < 7 8 > } 
