1 
1 
[ 1 4 9 16 ] 
[ ] 
[ 8 ] 
[ 2 3 4 ] 
[ 2 3 4 ] 
[ 2 3 4 ] 
[ 1 2 3 ] 
[ 2 3 4 ] 
1 
[ 30 60 90 ] 
1 
1 
1 
1 
error: array index 5 out of bounds (length 2)
error: side stack is empty
error: pmap: quotation must leave exactly one value per element, but changed the stack by 0
in pmap-ext ← pmap
error: pmap: quotation must leave exactly one value per element, but changed the stack by 2
in pmap-ext ← pmap
