[ 1 2 3 4 5 6 ] [ 1 2 ] [ 1 2 ] [ ] [ 1 2 1 2 ] [ 1 2 3 4 5 ] [ 1 2 3 4 5 ] 4 [ 4 3 2 1 ] [ 1 2 3 4 5 6 ] [ 0 1 2 3 4 5 6 7 8 9 ] error: + : expected two floats, two strings, two sets, two matrices, scalar/matrix, or two arrays; got an array and a float
error: + : expected two floats, two strings, two sets, two matrices, scalar/matrix, or two arrays; got an array and a string
error: + : expected two floats, two strings, two sets, two matrices, scalar/matrix, or two arrays; got a float and an array
