25 
25 
[ 110 120 130 ] 
85 
120 
21 
35 
42 
25 
25 
123 
720 
[ 110 120 130 ] 
21 
123 
7590 
2480 
1800 
error: local 'x' is read but never assigned
error: local 'keys' is read but never assigned (a word of that name exists)
error: local 'x' is read but never assigned
error: local 'y' is read but never assigned
5 
