{
  :a 1
  :b 2
}

{
  :a 1
  :b 2
}

{
  :a 1
  :b 2
}

{
  :a 1
  :b {
    :c 2
  }
}

5 
7 
error: no key :z
5 
42 
error: no key :z
error: @: expected a symbol or path (array of symbols); got a float
[ { :a 1 } ] 
1 
0 
< { :a 1 } > 
{
  :a 1
  :b 2
}

{
  :a {
    :b 9
  }
}

{
  :a 2
}

{
  :a 1
  :b 2
}

7 
error: empty path
{
  :a 99
}

{
  :a 5
}

{
  :a 1
  :b 2
}

{
  :k 7
}

error: !: expected a symbol or path (array of symbols); got a float
[ :a :b ] 
[ 1 2 ] 
[ ] 
[ ] 
3 
{
  :a 1
  :b 2
}

{
  :x 1
  :y 2
}

{
  :a 1
  :b 2
}

error: keys and values must be the same length (1 vs 2)
{
  :b 2
}

{
  :a {
    :c 2
  }
}

{
  :c 3
}

error: no key :z
error: empty path
{
  :b 2
}

{
}

error: no key :z
error: delete-at: expected a symbol or path (array of symbols); got a float
1 
0 
0 
1 
1 
99 
2 
99 
99 
error: expected a frame; got a float
error: @or: expected a symbol or path (array of symbols); got a float
1 
0 
1 
error: expected a symbol or path (array of symbols); got a float
{
  :n 6
}

{
  :a {
    :b 20
  }
}

15 
error: no key :z
error: xt required on stack; got a float
error: empty path
{
  :a 6
}

{
  :a 2
  :b 1
}

{
  :k 42
}

error: no key :z
error: update-at: expected a symbol or path (array of symbols); got a float
1010 99 
707 1 2 
{
  :a 1
  :b 3
  :c 4
}

{
  :a 1
}

1 
1 
1 
1 
[ :a 1 :b 2 ] 
{"a": 1, "b": 2} 
{"x": {"y": 9}} 
[ ] 
1 
1 
1 
1 
2 
1 
{"w": {"x": {"y": {"z": 5}}}} 
{"a": {"b": {"c": 1}}, "d": [2, 3]} 
