<matrix 2x2>
         11         12
         13         14
<matrix 2x2>
          5         15
         25         35
<matrix 2x2>
          3          6
          9         12
<matrix 2x2>
          1          2
          3          4
<matrix 2x2>
         11         12
         13         14
<matrix 2x2>
         99         98
         97         96
<matrix 1x3>
          4          2          1
<matrix 2x2>
         11         22
         33         44
<matrix 2x2>
          9         18
         27         36
error: matrix shapes differ (1x2 vs 1x3)
error: expected a matrix operand; got a float and a float
