1 
1 
5 
1 
1 
108894 
1 
error: expected a stream; got a float
1 
1 
1 
error: cannot change to /no/such/dir
error: Bad file descriptor
1 
1 
1 
3 
error: expected a stream; got a float
1 
1 
1 
1 
1 
5 
error: expected a stream; got a float
0 
1 
42 
137 
0 
error: expected a float pid; got a string
137 
137 
error: expected a float pid; got a string
1 
0 
0 
error: expected a float pid; got a string
error: invalid pid 0 (expected a spawned process id)
error: invalid pid -1 (expected a spawned process id)
error: invalid pid 0 (expected a spawned process id)
