1 
1 
1 
1 
1 
1 
1 
1 
1 
1 
1 
1 
1 
5 
1 
1 
1 
1 
1 
1 
1 
1 
1 
1 
2 
4 
3 
0 
3 
3 
[ :1 null 5 ] 
1 
0 
1 
1 
error: json>frame: invalid literal
error: json>frame: invalid literal
error: json>frame: unexpected end of input
error: json>frame: unterminated string
error: json>frame: invalid number
error: json>frame: unterminated array
error: json>frame: unterminated object
error: json>frame: trailing content after value
error: json>frame: truncated \u escape
error: json>frame: unsupported string escape
