1 
1 
1 
1 
1 
1 
1 
1 
1 
1 
1 
1 
1 
5 
1 
1 
1 
1 
1 
1 
1 
1 
1 
1 
2 
4 
3 
0 
3 
3 
[ :1 null 5 ] 
1 
0 
1 
1 
error: invalid literal
error: invalid literal
error: unexpected end of input
error: unterminated string
error: invalid number
error: unterminated array
error: unterminated object
error: trailing content after value
error: truncated \u escape
error: unsupported string escape
