null 
true 
false 
0 
42 
-7 
3.5 
412317970704 
"hi" 
"" 
"a\"b" 
"a\\b" 
"a\nb" 
"a\tb" 
"a\rb" 
"a\bb" 
"a\fb" 
"a\u0001b" 
[] 
[1, 2, 3] 
[[1], [2, 3]] 
[true, null, "x"] 
{} 
{"a": 1} 
{"a": 1, "b": 2} 
{"x": [1, 2], "y": {"z": null}} 
1 
1 
1 
error: frame>json: cannot serialize a set
error: frame>json: cannot serialize a non-boolean symbol
