1 
1 
1 
1 
1 
1 
1 
6 
1 
0 
0 
0 
3 
1 
1 
1 
1 
unit: m.kg.s^-2 
unit: m × 1000 
1 
0 
unit newton  \ m.kg.s^-2
1 
{
  :summary sine (radians)
  :word sin
  :effect ( a -- sin a )
  :ops 2
  :alloc matrix 1m(r×c)
  :order same
}
unknown word: no-such-word 
7 
1 2 
25 
column-means     ( m -- m' )              matrix.h2o: column-sums then scalar ÷
cross-validate   ( units n-folds fit-xt score-xt -- fold-losses ) statistics.h2o: k-fold cross-validation — units deal round-robin into folds in the order given (shuffle first when order matters; reuse one shuffle to compare configurations on the same folds); per fold, fit ( train-units -- model ) then score ( model test-units -- loss ), both taking everything from the stack since they run in this word's frame; answers the per-fold losses as an n-folds vector (mean it for the CV estimate, std for the standard error). A unit is whatever the array holds — rows, or per-cluster index arrays for cluster CV
fit-tree         ( features y params -- tree ) CART regression tree. features is a frame of typed columns — a numeric vector splits at a midpoint :threshold, an array column is categorical and splits on a mean-ordered subset stored as :categories; y is a numeric response vector. Returns a nested frame: every node carries :prediction (mean of its rows) and :n_rows, an internal node adds :feature and either :threshold or :categories plus :left/:right, a leaf optionally carries :responses. Splits maximize S_L²/n_L + S_R²/n_R (squared-error reduction), each numeric column presorted once. Params frame: :max-depth (default unlimited), :min-samples (minimum rows on each side of a split, default 1), :store-leaf-responses (default off). A numeric split learns a default direction for rows missing that feature (NaN): the side that maximizes the split criterion, stored on the node as :default (:left/:right) — present only when the node saw missing rows
mean             ( m -- f )               matrix.h2o: sum ÷ element count
nonmissing-count ( m -- n )               The number of non-NaN elements — the divisor mean and se use
prune-cv         ( features y params -- tree ) statistics.h2o: fit a fit-tree, then prune at the alpha the 1-SE rule picks — the largest alpha (smallest tree) whose mean k-fold CV mean-squared-error is within one standard error of the minimum, over the weakest-link alpha sequence; :folds in params sets k (default 5). Fits k×(sequence length) trees
row-means        ( m -- m' )              matrix.h2o: row-sums then scalar ÷
se               ( m -- f )               statistics.h2o: standard error of the mean, std / sqrt(n)
summary          ( v/dataset -- fr )      statistics.h2o: a vector answers { :min :q1 :median :mean :q3 :max } over its finite elements — a dimensioned vector in its unit, an instant vector (unit exactly s) with each statistic rendered through time>iso — plus :missing with the NaN count when any; an all-missing vector answers { :missing n }, an empty one { }. A dataset answers that frame per numeric column and { :distinct } (distinct non-missing cells, plus :missing) per text column, keyed by column name; any other column value errors naming the column
: 2dup over over ;
{
  :summary Apply xt to each element; xt must net exactly one value. datasets.h2o extends it to a dataset: xt maps each row frame to a new row frame — derive, rename, or drop fields — and the returned frames rebuild through frames>dataset, so all rows must share keys and columns re-infer their representation
  :word map
  :effect ( arr/set xt -- arr ) or ( dataset xt -- dataset )
  :ops 2 + n·xt
  :alloc 1a(n); dataset rows + new columns
  :order O(n·xt); dataset O(n·(xt + k log k))
}
water — a quick start:
  3 4 + .            add two numbers and print the result
  .s                 show the whole stack (clear empties it)
  [ 1 2 3 ]          an array
  { :a 1 }           a frame (symbol-keyed)
  [< 1 2 3 >]          a set
  : sq dup * ;       define a word
  5 sq .             run it (prints 25)
  words              list every word
  "mean" apropos     find words by name or summary
  ' 2dup see         print a word's definition
  help map           print one word's reference entry
  bye                quit
 