0 
1 
1 
1 
2 
1 
0 
2 
1 
10.5 
hi 
null 
o'brien 
o'brien 
1 
1 
0 
4 
[ :alice :o'brien :carol ] 
2 
2 
1 
:alice 
error: query takes 1 parameter(s) 0 given
error: query takes 0 parameter(s) 1 given
error: cannot bind a set as a parameter
error: expected a database; got a float
error: near "SELCT": syntax error
error: no such table: nope
error: database is closed
