0 
1 
1 
1 
2 
1 
0 
2 
1 
10.5 
hi 
null 
o'brien 
o'brien 
1 
1 
0 
4 
[ :alice :o'brien :carol ] 
2 
2 
1 
:alice 
error: db-query: query takes 1 parameter(s) 0 given
error: db-query: query takes 0 parameter(s) 1 given
error: db-query: cannot bind a set as a parameter
error: db-close: expected a database; got a float
error: db-query: near "SELCT": syntax error
error: db-exec: no such table: nope
error: db-query: database is closed
