0 ok
0 ok
0 ok
1 
0 ok
1 
0 ok
1 
0 ok
0 ok
0 ok
1 
0 ok
1 
0 ok
0 ok
0 ok
1 
0 ok
1 
0 ok
1 
0 ok
1 
0 ok
1 
0 ok
1 
0 ok
1 
0 ok
0 ok
0 ok
1 
0 ok
5 
0 ok
1 
0 ok
0 ok
0 ok
1 
0 ok
1 
0 ok
1 
0 ok
1 
0 ok
1 
0 ok
0 ok
0 ok
1 
0 ok
1 
0 ok
1 
0 ok
0 ok
0 ok
1 
0 ok
2 
0 ok
4 
0 ok
0 ok
0 ok
3 
0 ok
0 
0 ok
3 
0 ok
3 
0 ok
[ :1 null 5 ] 
0 ok
0 ok
0 ok
1 
0 ok
0 
0 ok
1 
0 ok
1 
0 ok
0 ok
0 ok
0|error json>frame: invalid literal
0|error json>frame: invalid literal
0|error json>frame: unexpected end of input
0|error json>frame: unterminated string
0|error json>frame: invalid number
0|error json>frame: unterminated array
0|error json>frame: unterminated object
0|error json>frame: trailing content after value
0|error json>frame: truncated \u escape
0|error json>frame: unsupported string escape
