0 ok
0 ok
0 ok
0 ok
0 ok
1 
0 ok
1 
0 ok
1 
0 ok
0 ok
0 ok
1 
0 ok
1 
0 ok
1 
0 ok
1 
0 ok
6 
0 ok
0 ok
0 ok
1 
0 ok
0 
0 ok
0 
0 ok
0 
0 ok
3 
0 ok
0 ok
0 ok
1 
0 ok
0 ok
0 ok
1 
0 ok
0 ok
0 ok
1 
0 ok
0 ok
0 ok
1 
0 ok
0 ok
0 ok
{
  :word sin
  :effect ( a -- sin a )
  :summary sine (radians)
  :ops 2
  :alloc matrix 1m(r×c)
  :order same
}
0 ok
0 ok
