0 ok
0 ok
0 ok
0 ok
0 ok
0 ok
0 ok
0 ok
0 ok
0 ok
[( 7 8 9 null )] 
0 ok
0 ok
0 ok
0 ok
0 ok
0 ok
0 ok
[( 1 2 null )] 
0 ok
0 ok
0 ok
[( [( 1 null )] [( 2 null )] [( 3 null )] null )] 
0 ok
0 ok
0 ok
[ [( 1 2 null )] [( 3 4 null )] ] 
0 ok
0 ok
0 ok
[( [ 1 2 ] [ 3 4 ] null )] 
0 ok
0 ok
0 ok
[ [( 1 null )] [( 2 null )] [( 3 null )] [( 4 null )] [( 5 null )] ] 
0 ok
0 ok
