error: unknown word: >x (did you mean >?)
error: unknown word: loopy (did you mean copy?)
3 
1 
{
  :message /tmp/w124_bad.h2o:1: unknown word: >z (did you mean >?)
  :trace in load ← [: "/tmp/w124_bad.h2o" load :]
}

error: unknown word: broken
error: unknown word: nosuchword
error: unknown word: partial
