0 ok
0 ok
0 ok
0 ok
0 ok
0 ok
0 ok
0 ok
[ ] 
0 ok
[ :child ] 
0 ok
0 ok
[ :child :parent ] 
0 ok
0 
0 ok
0 
0 ok
0 ok
0 ok
0 ok
0 ok
0 ok
3 
0 ok
0 ok
0 ok
1 
0 ok
4 
0 ok
0 ok
0 ok
0 ok
4 
0 ok
0 ok
0 ok
2 
0 ok
1 
0 ok
1 
0 ok
2 
0 ok
0 ok
0 ok
2 
0 ok
1 
0 ok
0 
0 ok
0 ok
0 ok
2 
0 ok
1 
0 ok
0 ok
0 ok
:sue 
0 ok
0 ok
0 ok
1 
0 ok
0 
0 ok
0 ok
0 ok
2 
0 ok
1 
0 ok
0 ok
0 ok
0 
0 ok
4 
0 ok
0 ok
0 ok
0 
0 ok
0 ok
0 ok
0 ok
0 
0 ok
2 
0 ok
0 
0 ok
1 
0 ok
0 ok
0 ok
0 ok
2 
0 ok
0 ok
0 ok
1 
0 ok
1 
0 ok
0 ok
0 ok
0 ok
0 
0 ok
0 ok
0 ok
0 ok
1 
0 ok
1 
0 ok
0 ok
0 ok
0 ok
0 ok
0 ok
2 
0 ok
2 
0 ok
0 ok
1 
0 ok
1 
0 ok
0 ok
0 ok
0 ok
0 ok
0 ok
0 ok
1 
0 ok
1 
0 ok
0 
0 ok
0 ok
0 ok
0 ok
0 ok
0 ok
0 ok
2 
0 ok
0 
0 ok
3 
0 ok
0 ok
3 
0 ok
0 ok
