0 ok
0 ok
0 ok
0 ok
0 ok
0 ok
0 ok
[ :a ] 
0 ok
[ :a :z :m ] 
0 ok
0 ok
0 ok
0 ok
0 ok
0 ok
0 ok
2 
0 ok
0 ok
0 
0 ok
0 ok
1 
0 ok
0 ok
0 ok
2 
0 ok
0 ok
0 
0 ok
0 ok
0 ok
0 ok
0 ok
0 ok
0 ok
2 
0 ok
0 ok
0 
0 ok
0 
0 ok
0 ok
0 ok
0 ok
0 ok
0 ok
0 ok
1 
0 ok
2 
0 ok
2 
0 ok
0 
0 ok
0 ok
0 ok
0 ok
0 ok
0 ok
0 ok
0 ok
0 ok
2 
0 ok
0 ok
0 ok
0 ok
0 
0 ok
0 ok
0 
0 ok
0 ok
0 ok
0 ok
0 ok
0 ok
0 ok
99 
0 ok
:usa 
0 ok
0 ok
0 ok
0 ok
0 ok
0 ok
1000 
0 ok
250 
0 ok
0 ok
750 
0 ok
0 
0 ok
250 
0 ok
0 
0 ok
0 ok
0 ok
0 ok
0 ok
0 ok
1000 
0 ok
250 
0 ok
250 
0 ok
0 
0 ok
0 ok
0 ok
0 ok
0 ok
0 ok
0 ok
0 ok
3 
0 ok
2 
0 ok
1 
0 ok
2 
0 ok
0 
0 ok
0 ok
0 ok
0 ok
0 ok
0 ok
3 
0 ok
2 
0 ok
2 
0 ok
1 
0 ok
0 ok
0 ok
0 
0 ok
0 ok
0 ok
0 ok
0 ok
2000 
0 ok
500 
0 ok
0 ok
0 
0 ok
1500 
0 ok
0 ok
