error: unknown word: filtr (did you mean filter?)
error: unknown word: transposr (did you mean transpose?)
error: unknown word: swpa (did you mean swap?)
error: unknown word: qzqzqz
error: unknown word: q
error: unknown word: totl (did you mean total?)
error: unknown word: swop (did you mean swap?)
error: unknown word: ovr (did you mean over?)
error: unknown word: dip (did you mean dup?)
error: unknown word: swpa (did you mean swap?)
error: unknown word: ot (did you mean to?)
