<matrix 1x13>
          1          2          3          4          5        ...         11         12         13
<matrix 1x14>
          1          2          3          4          5        ...         12         13         14
<matrix 1x20>
          1          2          3          4          5        ...         18         19         20
