<matrix 2x2>
         11         12
         13         14
<matrix 2x2>
          5         15
         25         35
<matrix 2x2>
          3          6
          9         12
<matrix 2x2>
          1          2
          3          4
<matrix 1x2>
          1          2
<matrix 1x3>
          0          0          0
<matrix 2x2>
         11         12
         13         14
<matrix 2x2>
         90         80
         70         60
