<matrix 2x2>
         11         12
         13         14
<matrix 2x2>
          5         15
         25         35
<matrix 2x2>
          3          6
          9         12
<matrix 2x2>
          1          2
          3          4
<matrix 1x2>
          1          2
<matrix 1x3>
          0          0          0
<matrix 2x2>
         11         12
         13         14
<matrix 2x2>
         90         80
         70         60
<matrix 2x2>
         11         12
         23         24
<matrix 2x2>
         10         20
         60         80
<matrix 2x2>
         11         22
         13         24
<matrix 2x2>
          2          6
          6         12
<matrix 2x2>
         99         98
        197        196
<matrix 2x2>
        -99        -98
       -197       -196
<matrix 2x2>
          6          7
          8          9
error: +: shapes not broadcast-compatible (3x1 vs 2x2)
