<matrix 1x2>
          1          4
0 ok
<matrix 1x3>
          1          5          9
0 ok
<matrix 1x2>
          1          5
0 ok
<matrix 1x2>
          1          4
0 ok
<matrix 1x1>
          7
0 ok
<matrix 1x3>
          1          1          1
0 ok
<matrix 1x4>
          0          0          0          0
0 ok
<matrix 1x2>
          1          4
0 ok
<matrix 1x3>
          3          3          3
0 ok
