<matrix 1x2>
          1          4
<matrix 1x3>
          1          5          9
<matrix 1x2>
          1          5
<matrix 1x2>
          1          4
<matrix 1x1>
          7
<matrix 1x3>
          1          1          1
<matrix 1x4>
          0          0          0          0
<matrix 1x2>
          1          4
<matrix 1x3>
          3          3          3
