<matrix 3x2>
          1          2
          3          4
          5          6
<matrix 6x1>
          1
          2
          3
          4
          5
          6
<matrix 1x6>
          1          2          3          4          5          6
<matrix 1x1>
          7
<matrix 2x4>
          1          2          3          4
          5          6          7          8
<matrix 8x1>
          1
          2
          3
          4
          5
          6
          7
          8
<matrix 1x6>
          1          2          3          4          5          6
<matrix 1x3>
          1          2          3
<matrix 1x9>
          1          0          0          0          1        ...          0          0          1
<matrix 2x3>
          1          2          3
          4          5          6
error: reshape: cannot reshape 6 elements (2x3) into 2x2 (4)
error: reshape: expected a float row count; got a string
error: reshape: expected a matrix; got a float
error: reshape: dimensions must be non-negative; got -2x-2
error: reshape: 100000x100000 too large (element count overflows)
