<matrix 2x1>
          6
         15
<matrix 3x1>
          3
          7
         11
<matrix 2x1>
          3
          7
<matrix 1x1>
          7
<matrix 3x1>
          1
          1
          1
<matrix 4x1>
          0
          0
          0
          0
<matrix 1x1>
          6
<matrix 1x3>
          5          7          9
<matrix 1x2>
          9         12
<matrix 1x2>
          4          6
<matrix 1x1>
          7
<matrix 1x3>
          1          1          1
<matrix 1x4>
          0          0          0          0
<matrix 1x1>
          6
<matrix 2x1>
          6
         15

<matrix 1x2>
          6         15

2.5 2 7 0 0.333333 5 error: row-sums: expected a matrix; got a string
error: column-sums: expected a matrix; got a string
error: column-sums: expected a matrix; got an array
