0 ok
<matrix 2x1>
          2
          5
0 ok
<matrix 3x1>
        1.5
        3.5
        5.5
0 ok
<matrix 2x1>
        1.5
        3.5
0 ok
<matrix 1x1>
          7
0 ok
<matrix 3x1>
     0.3333
     0.3333
     0.3333
0 ok
<matrix 4x1>
          0
          0
          0
          0
0 ok
<matrix 1x1>
        2.5
0 ok
0 ok
0 ok
<matrix 1x3>
        2.5        3.5        4.5
0 ok
<matrix 1x2>
          3          4
0 ok
<matrix 1x2>
          2          3
0 ok
<matrix 1x1>
          7
0 ok
<matrix 1x3>
     0.3333     0.3333     0.3333
0 ok
<matrix 1x4>
          0          0          0          0
0 ok
<matrix 1x1>
        2.5
0 ok
0 ok
0 ok
<matrix 2x1>
          2
          5

<matrix 1x2>
          2          5

0 ok
