0 ok
0 ok
0 ok
0 ok
0 ok
0 ok
0 7 
0 ok
0 ok
0 ok
1 99 
0 ok
0 ok
0 ok
42 
0 ok
0 ok
0 ok
caught  99 
0 ok
0 ok
0 ok
1|110 ok
110 
0 ok
0 ok
0 ok
1|'? ok
outer  88 
0 ok
0 ok
0 ok
0 ok
0 ok
0 ok
caught  50 
0 ok
0 ok
0 ok
outer got  15 
0 ok
0 ok
0 ok
0 ok

0 ok
0 ok
0 ok
2 1 
0 ok
0 ok
0 ok
got  boom 
0 ok
0 ok
0 ok
0 ok
got  :oops 
0 ok
0 ok
0 ok
1|'? ok
outer got  10 
0 ok
0 ok
0 ok
1|'? ok
11 
0 ok
0 ok
0 ok
1|'? ok
L2 
0 ok
0 ok
0 ok
1|'? ok
L1 inner-xt threw 
0 ok
0 ok
0 ok
0|error shift/shift-with: no enclosing reset on the return stack
