logicforth
ok
ok
ok
ok
ok
ok
ok
ok
ok
1 
ok
ok
2 
ok
ok
<3> 0 0 3 
ok
ok
ok
ok
ok
ok
ok
ok
ok
ok
ok
ok
ok
500 
ok
ok
ok
ok
ok
outer-caught  15 
ok
ok
ok
? side stack underflow
ok
ok
ok
ok
{ 1 2 3 } 
ok
hello 
ok
ok
ok
ok
ok
[ 1 2 3 4 5 ] 
ok
ok
ok
ok
ok
ok
ok
ok
ok
47 
ok
ok
ok
ok
ok
ok
ok
ok
ok
6 
ok
10 
ok
ok
ok
14 
ok
ok
ok
ok
ok
ok
ok
6 
ok
