logicforth
<0> ok
-5 <0> ok
3 <0> ok
0 <0> ok
<0> ok
<0> ok
<matrix 2x2>
         -1          2
         -3          4
<0> ok
<matrix 1x2>
         -5          6
<0> ok
<0> ok
<0> ok
<matrix 1x3>
          1          2          3
<0> ok
<0> ok
<0> ok
<0|error> type error in negate
<0|error> type error in negate
