<0> ok
[ 1 2 3 ] <0> ok
[ ] <0> ok
[ 1 2 3 4 5 ] <0> ok
<0> ok
<0> ok
[ 1 2 3 ] <0> ok
<0> ok
<0> ok
[ ] <0> ok
<0> ok
<0> ok
[ ] <0> ok
<0> ok
<0> ok
[ 1 2 3 ] <0> ok
<0> ok
<0> ok
[ 10 20 ] <3|3> ok
1 2 3 <3|3> ok
<3|3> ok
<3|3> ok
4 <3|3> ok
[ 3 2 1 ] <3|3> ok
<3|3> ok
<3|3> ok
<0|error> take: expected a float length, got a string
<0|error> take: expected a float length, got an array
<0|error> take: expected array or set, got a float
