[ 3 4 5 ] [ 1 2 3 4 5 ] [ ] [ ] [ 1 2 3 4 5 ] [ ] [ 3 4 5 ] 4 [ 5 4 3 2 ] [ 4 5 ] [ ] [ 1 2 3 4 5 ] [ 1 2 3 ] [ ] [ 3 4 5 ] error: - : expected two floats, two sets, two matrices, or scalar/matrix; got a float and a string
error: reverse: expected array or set; got a string
error: take: expected a float length; got a string
error: reverse: expected array or set; got a string
