0 ok
0 ok
0 ok
0 ok
0 ok
-1 
0 ok
-1 
0 ok
-1 
0 ok
-1 
0 ok
-1 
0 ok
-1 
0 ok
-1 
0 ok
-1 
0 ok
-1 
0 ok
0 ok
0 ok
-1 
0 ok
-1 
0 ok
-1 
0 ok
-1 
0 ok
0 ok
0 ok
1 
0 ok
1 
0 ok
1 
0 ok
0 ok
0 ok
1 
0 ok
1 
0 ok
5 
0 ok
0 ok
0 ok
[ 1 2 3 ] 
0 ok
0 ok
0 ok
2|{1} ok
1 
1|{1} ok
2 
0 ok
0 ok
0 ok
42 
0 ok
:foo 
0 ok
