[ 99 88 77 ] 
[ 0 99 88 77 0 ] 
[ 1 2 3 4 5 ] 
[ 1 2 3 ] 
"keep" 
[ "hi" :sym 42 ] 
error: to-slice!: slice [5, 8) out of bounds for length 3
error: to-slice!: count must be non-negative; got -1
error: to-slice!: expected an array; got a float
error: to-slice!: stack too shallow (need 5 values plus target)
