0 ok
0 ok
0 ok
<matrix 1x5>
          1          2          3          4          5
0 ok
0 ok
0 ok
<matrix 1x5>
          0        2.5          5        7.5         10
0 ok
0 ok
0 ok
<matrix 1x6>
         10          8          6          4          2          0
0 ok
0 ok
0 ok
<matrix 1x1>
          3
0 ok
0 ok
0 ok
<matrix 1x4>
          0          3          6          9
0 ok
0 ok
0 ok
0|error matrix-range: step cannot be zero
0 ok
0 ok
0|error matrix-range: step sign does not match start/end direction
