: fused   \ 9 cells
 0: (vvf-) A B
 3: (vfsq) A
 5: (vvf*) A B
 8: exit
;
: mixed   \ 7 cells
 0: (lit) 5
 2: (vf-) A
 4: (vfsqrt) B
 6: exit
;
: calls   \ 5 cells
 0: (vfsq) A
 2: fused
 4: exit
;
A: not a colon definition
: ll-arith   \ 14 cells
 0: (enter-locals) 2
 2: (ll+0) 0 1
 5: (ll-0) 0 1
 8: (ll*0) 0 1
 11: (leave-locals) 2
 13: exit
;
: lit-arith   \ 14 cells
 0: (enter-locals) 1
 2: (ll.lit+0) 0 2
 5: (ll.lit-0) 0 2
 8: (ll.lit*0) 0 2
 11: (leave-locals) 1
 13: exit
;
: rev-arith   \ 14 cells
 0: (enter-locals) 1
 2: (ll.lit+0) 0 2
 5: (ll.lit*0) 0 2
 8: (ll.litrev-0) 0 2
 11: (leave-locals) 1
 13: exit
;
: at-local-idx   \ 15 cells
 0: (enter-locals) 1
 2: [
 3: (lit) 10
 5: (lit) 20
 7: (lit) 30
 9: ]
 10: (@i.l0) 0
 12: (leave-locals) 1
 14: exit
;
: at-lit-idx   \ 11 cells
 0: [
 1: (lit) 10
 3: (lit) 20
 5: (lit) 30
 7: ]
 8: (@i.lit) 1
 10: exit
;
: at-lit-of-local   \ 8 cells
 0: (enter-locals) 1
 2: (@i.lit.l0) 0 1
 5: (leave-locals) 1
 7: exit
;
:    \ 8 cells
 0: (enter-locals-to) 2
 2: (ll*0) 0 1
 5: (leave-locals) 2
 7: exit
;
