0 ok
0 ok
0 ok
0 ok
0 ok
[ 5 4 3 2 1 ] 
0 ok
0 ok
0 ok
[ 3 2 1 4 5 ] 
0 ok
0 ok
0 ok
[ 1 2 3 4 5 ] 
0 ok
0 ok
0 ok
[ 2 1 3 4 5 ] 
0 ok
0 ok
0 ok
[ 9 ] 
0 ok
0 ok
0 ok
0|error flip: index 3 out of bounds for length 3
0|error flip: index -1 out of bounds for length 3
0|error flip: expected an array; got a float
